\BOOKMARK [0][-]{chapter.1}{\376\377\000P\000r\000e\000l\000i\000m\000i\000n\000a\000r\000e\000s}{}% 1
\BOOKMARK [1][-]{section.1.1}{\376\377\000M\000i\000c\000r\000o\000b\000i\000o\000m\000a}{chapter.1}% 2
\BOOKMARK [1][-]{section.1.2}{\376\377\000M\000e\000t\000a\000g\000e\000n\000\363\000m\000i\000c\000a}{chapter.1}% 3
\BOOKMARK [1][-]{section.1.3}{\376\377\000M\000i\000c\000r\000o\000b\000i\000o\000m\000a\000\040\000d\000e\000\040\000F\000r\000e\000s\000a}{chapter.1}% 4
\BOOKMARK [1][-]{section.1.4}{\376\377\000C\000l\000a\000s\000i\000f\000i\000c\000a\000d\000o\000r\000e\000s}{chapter.1}% 5
\BOOKMARK [2][-]{subsection.1.4.1}{\376\377\000K\000r\000a\000k\000e\000n\000\040\000\046\000\040\000B\000r\000a\000k\000e\000n}{section.1.4}% 6
\BOOKMARK [1][-]{section.1.5}{\376\377\000L\000e\000n\000g\000u\000a\000j\000e\000s}{chapter.1}% 7
\BOOKMARK [2][-]{subsection.1.5.1}{\376\377\000B\000A\000S\000H}{section.1.5}% 8
\BOOKMARK [2][-]{subsection.1.5.2}{\376\377\000R\000\040\000\046\000\040\000R\000S\000t\000u\000d\000i\000o}{section.1.5}% 9
\BOOKMARK [2][-]{subsection.1.5.3}{\376\377\000P\000y\000t\000h\000o\000n\000\040\000y\000\040\000G\000o\000o\000g\000l\000e\000\040\000C\000o\000l\000a\000b}{section.1.5}% 10
\BOOKMARK [1][-]{section.1.6}{\376\377\000F\000o\000r\000m\000a\000t\000o\000s}{chapter.1}% 11
\BOOKMARK [2][-]{subsection.1.6.1}{\376\377\000J\000S\000O\000N}{section.1.6}% 12
\BOOKMARK [2][-]{subsection.1.6.2}{\376\377\000B\000I\000O\000M}{section.1.6}% 13
\BOOKMARK [2][-]{subsection.1.6.3}{\376\377\000F\000A\000S\000T\000A}{section.1.6}% 14
\BOOKMARK [2][-]{subsection.1.6.4}{\376\377\000B\000A\000M}{section.1.6}% 15
\BOOKMARK [1][-]{section.1.7}{\376\377\000\315\000n\000d\000i\000c\000e\000s\000\040\000d\000e\000\040\000D\000i\000v\000e\000r\000s\000i\000d\000a\000d}{chapter.1}% 16
\BOOKMARK [2][-]{subsection.1.7.1}{\376\377\000D\000i\000v\000e\000r\000s\000i\000d\000a\000d\000\040\000A\000l\000f\000a}{section.1.7}% 17
\BOOKMARK [2][-]{subsection.1.7.2}{\376\377\000D\000i\000v\000e\000r\000s\000i\000d\000a\000d\000\040\000B\000e\000t\000a}{section.1.7}% 18
\BOOKMARK [1][-]{section.1.8}{\376\377\000P\000r\000u\000e\000b\000a\000\040\000d\000e\000\040\000H\000i\000p\000\363\000t\000e\000s\000i\000s}{chapter.1}% 19
\BOOKMARK [2][-]{subsection.1.8.1}{\376\377\000P\000r\000u\000e\000b\000a\000\040\000t\000\040\000p\000a\000r\000a\000\040\000c\000o\000m\000p\000a\000r\000a\000r\000\040\000d\000o\000s\000\040\000m\000e\000d\000i\000a\000s\000\040\000p\000o\000b\000l\000a\000c\000i\000o\000n\000a\000l\000e\000s\000\040\000\050\000m\000u\000e\000s\000t\000r\000a\000s\000\040\000p\000e\000q\000u\000e\000\361\000a\000s\000\051}{section.1.8}% 20
\BOOKMARK [2][-]{subsection.1.8.2}{\376\377\000P\000r\000u\000e\000b\000a\000\040\000F\000\040\000s\000o\000b\000r\000e\000\040\000l\000a\000s\000\040\000v\000a\000r\000i\000a\000n\000z\000a\000s\000\040\000d\000e\000\040\000d\000o\000s\000\040\000p\000o\000b\000l\000a\000c\000i\000o\000n\000e\000s\000\040\000p\000e\000q\000u\000e\000\361\000a\000s}{section.1.8}% 21
\BOOKMARK [2][-]{subsection.1.8.3}{\376\377\000P\000r\000u\000e\000b\000a\000\040\000d\000e\000\040\000r\000a\000n\000g\000o\000s\000\040\000d\000e\000\040\000W\000i\000l\000c\000o\000x\000o\000n\000\040\000\050\000M\000a\000n\000n\000-\000W\000h\000i\000t\000n\000e\000y\000\051}{section.1.8}% 22
\BOOKMARK [1][-]{section.1.9}{\376\377\000A\000n\000\341\000l\000i\000s\000i\000s\000\040\000m\000u\000l\000t\000i\000v\000a\000r\000i\000a\000d\000o\000\040\000p\000o\000r\000\040\000p\000e\000r\000m\000u\000t\000a\000c\000i\000o\000n\000e\000s\000:\000\040\000P\000E\000R\000M\000A\000N\000O\000V\000A\000\040\000y\000\040\000P\000E\000R\000M\000D\000I\000S\000P}{chapter.1}% 23
\BOOKMARK [1][-]{section.1.10}{\376\377\000N\000o\000r\000m\000a\000l\000i\000z\000a\000c\000i\000\363\000n\000\040\000y\000\040\000r\000a\000r\000e\000f\000a\000c\000c\000i\000\363\000n}{chapter.1}% 24
\BOOKMARK [2][-]{subsection.1.10.1}{\376\377\000E\000s\000c\000a\000l\000a\000d\000o\000\040\000p\000o\000r\000\040\000e\000l\000\040\000t\000o\000t\000a\000l\000:\000\040\000a\000b\000u\000n\000d\000a\000n\000c\000i\000a\000s\000\040\000r\000e\000l\000a\000t\000i\000v\000a\000s}{section.1.10}% 25
\BOOKMARK [2][-]{subsection.1.10.2}{\376\377\000R\000a\000r\000e\000f\000a\000c\000c\000i\000\363\000n}{section.1.10}% 26
\BOOKMARK [2][-]{subsection.1.10.3}{\376\377\000N\000o\000r\000m\000a\000l\000i\000z\000a\000c\000i\000\363\000n\000\040\000p\000o\000r\000\040\000f\000a\000c\000t\000o\000r\000e\000s\000\040\000d\000e\000\040\000e\000s\000c\000a\000l\000a\000:\000\040\000T\000M\000M}{section.1.10}% 27
\BOOKMARK [1][-]{section.1.11}{\376\377\000R\000e\000d\000e\000s\000\040\000B\000a\000y\000e\000s\000i\000a\000n\000a\000s}{chapter.1}% 28
\BOOKMARK [0][-]{chapter.2}{\376\377\000O\000b\000j\000e\000t\000i\000v\000o\000s}{}% 29
\BOOKMARK [1][-]{section.2.1}{\376\377\000O\000b\000j\000e\000t\000i\000v\000o\000\040\000g\000e\000n\000e\000r\000a\000l}{chapter.2}% 30
\BOOKMARK [1][-]{section.2.2}{\376\377\000O\000b\000j\000e\000t\000i\000v\000o\000s\000\040\000e\000s\000p\000e\000c\000\355\000f\000i\000c\000o\000s}{chapter.2}% 31
\BOOKMARK [0][-]{chapter.3}{\376\377\000A\000n\000\341\000l\000i\000s\000i\000s\000\040\000e\000x\000p\000l\000o\000r\000a\000t\000o\000r\000i\000o\000\040\000y\000\040\000m\000e\000t\000o\000d\000o\000l\000o\000g\000\355\000a}{}% 32
\BOOKMARK [1][-]{section.3.1}{\376\377\000M\000\351\000t\000o\000d\000o\000s\000\040\000p\000a\000r\000a\000\040\000c\000a\000r\000a\000c\000t\000e\000r\000i\000z\000a\000r\000\040\000l\000a\000\040\000d\000i\000v\000e\000r\000s\000i\000d\000a\000d}{chapter.3}% 33
\BOOKMARK [2][-]{subsection.3.1.1}{\376\377\000P\000r\000e\000p\000r\000o\000c\000e\000s\000a\000m\000i\000e\000n\000t\000o}{section.3.1}% 34
\BOOKMARK [2][-]{subsection.3.1.2}{\376\377\000F\000i\000l\000t\000r\000a\000d\000o\000\040\000d\000e\000\040\000C\000a\000l\000i\000d\000a\000d}{section.3.1}% 35
\BOOKMARK [2][-]{subsection.3.1.3}{\376\377\000\315\000n\000d\000i\000c\000e\000s\000\040\000d\000e\000\040\000d\000i\000v\000e\000r\000s\000i\000d\000a\000d}{section.3.1}% 36
\BOOKMARK [2][-]{subsection.3.1.4}{\376\377\000E\000x\000p\000l\000o\000r\000a\000c\000i\000\363\000n\000\040\000a\000\040\000d\000i\000s\000t\000i\000n\000t\000o\000s\000\040\000n\000i\000v\000e\000l\000e\000s\000\040\000t\000a\000x\000o\000n\000\363\000m\000i\000c\000o\000s}{section.3.1}% 37
\BOOKMARK [1][-]{section.3.2}{\376\377\000P\000r\000u\000e\000b\000a\000\040\000d\000e\000\040\000H\000i\000p\000\363\000t\000e\000s\000i\000s}{chapter.3}% 38
\BOOKMARK [2][-]{subsection.3.2.1}{\376\377\000P\000r\000u\000e\000b\000a\000\040\000t\000\040\000d\000e\000\040\000S\000t\000u\000d\000e\000n\000t\000\040\000s\000o\000b\000r\000e\000\040\000e\000l\000\040\000\355\000n\000d\000i\000c\000e\000\040\000d\000e\000\040\000S\000h\000a\000n\000n\000o\000n}{section.3.2}% 39
\BOOKMARK [2][-]{subsection.3.2.2}{\376\377\000P\000r\000u\000e\000b\000a\000\040\000F\000\040\000s\000o\000b\000r\000e\000\040\000l\000a\000s\000\040\000v\000a\000r\000i\000a\000n\000z\000a\000s}{section.3.2}% 40
\BOOKMARK [2][-]{subsection.3.2.3}{\376\377\000P\000r\000u\000e\000b\000a\000\040\000d\000e\000\040\000W\000i\000l\000c\000o\000x\000o\000n\000-\000M\000a\000n\000n\000-\000W\000h\000i\000t\000n\000e\000y}{section.3.2}% 41
\BOOKMARK [2][-]{subsection.3.2.4}{\376\377\000A\000n\000\341\000l\000i\000s\000i\000s\000\040\000c\000o\000m\000p\000l\000e\000m\000e\000n\000t\000a\000r\000i\000o\000s}{section.3.2}% 42
\BOOKMARK [2][-]{subsection.3.2.5}{\376\377\000N\000o\000r\000m\000a\000l\000i\000z\000a\000c\000i\000\363\000n\000\040\000y\000\040\000r\000a\000r\000e\000f\000a\000c\000c\000i\000\363\000n}{section.3.2}% 43
\BOOKMARK [1][-]{section.3.3}{\376\377\000R\000e\000d\000e\000s}{chapter.3}% 44
\BOOKMARK [2][-]{subsection.3.3.1}{\376\377\000R\000e\000d\000e\000s\000\040\000d\000e\000\040\000m\000u\000e\000s\000t\000r\000a\000s}{section.3.3}% 45
\BOOKMARK [2][-]{subsection.3.3.2}{\376\377\000R\000e\000d\000e\000s\000\040\000d\000e\000\040\000c\000o\000o\000c\000u\000r\000r\000e\000n\000c\000i\000a}{section.3.3}% 46
\BOOKMARK [1][-]{section.3.4}{\376\377\000R\000s}{chapter.3}% 47
\BOOKMARK [2][-]{subsection.3.4.1}{\376\377\000C\000o\000n\000j\000u\000n\000t\000o\000s\000\040\000d\000e\000\040\000d\000a\000t\000o\000s}{section.3.4}% 48
\BOOKMARK [2][-]{subsection.3.4.2}{\376\377\000D\000i\000v\000e\000r\000s\000i\000d\000a\000d\000\040\000a\000l\000f\000a}{section.3.4}% 49
\BOOKMARK [2][-]{subsection.3.4.3}{\376\377\000C\000o\000m\000p\000o\000s\000i\000c\000i\000\363\000n\000\040\000y\000\040\000d\000i\000v\000e\000r\000s\000i\000d\000a\000d\000\040\000b\000e\000t\000a}{section.3.4}% 50
\BOOKMARK [2][-]{subsection.3.4.4}{\376\377\000C\000u\000l\000t\000i\000v\000o\000\040\000f\000r\000e\000n\000t\000e\000\040\000a\000\040\000s\000u\000e\000l\000o\000\040\000n\000a\000t\000i\000v\000o}{section.3.4}% 51
\BOOKMARK [2][-]{subsection.3.4.5}{\376\377\000L\000o\000\040\000q\000u\000e\000\040\000a\000p\000o\000r\000t\000a\000n\000\040\000l\000o\000s\000\040\000c\000o\000n\000j\000u\000n\000t\000o\000s\000\040\000c\000o\000m\000p\000l\000e\000m\000e\000n\000t\000a\000r\000i\000o\000s}{section.3.4}% 52
\BOOKMARK [1][-]{section.3.5}{\376\377\000R\000e\000d\000e\000s\000\040\000b\000a\000y\000e\000s\000i\000a\000n\000a\000s}{chapter.3}% 53
\BOOKMARK [0][-]{chapter.4}{\376\377\000R\000e\000s\000u\000l\000t\000a\000d\000o\000s}{}% 54
\BOOKMARK [1][-]{section.4.1}{\376\377\000C\000o\000m\000p\000o\000s\000i\000c\000i\000\363\000n\000\040\000t\000a\000x\000o\000n\000\363\000m\000i\000c\000a\000\040\000y\000\040\000d\000i\000v\000e\000r\000s\000i\000d\000a\000d}{chapter.4}% 55
\BOOKMARK [2][-]{subsection.4.1.1}{\376\377\000P\000r\000e\000p\000r\000o\000c\000e\000s\000a\000m\000i\000e\000n\000t\000o\000\040\000y\000\040\000f\000i\000l\000t\000r\000o\000\040\000d\000e\000\040\000c\000a\000l\000i\000d\000a\000d}{section.4.1}% 56
\BOOKMARK [2][-]{subsection.4.1.2}{\376\377\000D\000i\000v\000e\000r\000s\000i\000d\000a\000d\000\040\000a\000l\000f\000a\000\040\000d\000e\000\040\000l\000a\000\040\000c\000o\000m\000u\000n\000i\000d\000a\000d\000\040\000c\000o\000m\000p\000l\000e\000t\000a}{section.4.1}% 57
\BOOKMARK [2][-]{subsection.4.1.3}{\376\377\000D\000i\000v\000e\000r\000s\000i\000d\000a\000d\000\040\000b\000e\000t\000a\000\040\000d\000e\000\040\000l\000a\000\040\000c\000o\000m\000u\000n\000i\000d\000a\000d\000\040\000c\000o\000m\000p\000l\000e\000t\000a}{section.4.1}% 58
\BOOKMARK [2][-]{subsection.4.1.4}{\376\377\000C\000o\000m\000p\000o\000s\000i\000c\000i\000\363\000n\000\040\000t\000a\000x\000o\000n\000\363\000m\000i\000c\000a\000\040\000g\000e\000n\000e\000r\000a\000l}{section.4.1}% 59
\BOOKMARK [2][-]{subsection.4.1.5}{\376\377\000E\000u\000c\000a\000r\000i\000o\000t\000a\000s\000\040\000p\000o\000r\000\040\000n\000i\000v\000e\000l\000\040\000t\000a\000x\000o\000n\000\363\000m\000i\000c\000o}{section.4.1}% 60
\BOOKMARK [2][-]{subsection.4.1.6}{\376\377\000B\000a\000c\000t\000e\000r\000i\000a\000s\000\040\000p\000o\000r\000\040\000n\000i\000v\000e\000l\000\040\000t\000a\000x\000o\000n\000\363\000m\000i\000c\000o}{section.4.1}% 61
\BOOKMARK [1][-]{section.4.2}{\376\377\000E\000v\000a\000l\000u\000a\000c\000i\000\363\000n\000\040\000e\000s\000t\000a\000d\000\355\000s\000t\000i\000c\000a\000\040\000e\000n\000t\000r\000e\000\040\000g\000r\000u\000p\000o\000s}{chapter.4}% 62
\BOOKMARK [2][-]{subsection.4.2.1}{\376\377\000V\000e\000r\000i\000f\000i\000c\000a\000c\000i\000\363\000n\000\040\000d\000e\000\040\000s\000u\000p\000u\000e\000s\000t\000o\000s}{section.4.2}% 63
\BOOKMARK [2][-]{subsection.4.2.2}{\376\377\000P\000r\000u\000e\000b\000a\000\040\000t\000\040\000s\000o\000b\000r\000e\000\040\000e\000l\000\040\000\355\000n\000d\000i\000c\000e\000\040\000d\000e\000\040\000S\000h\000a\000n\000n\000o\000n\000\040\000d\000e\000\040\000l\000a\000\040\000c\000o\000m\000u\000n\000i\000d\000a\000d\000\040\000c\000o\000m\000p\000l\000e\000t\000a}{section.4.2}% 64
\BOOKMARK [2][-]{subsection.4.2.3}{\376\377\000P\000r\000u\000e\000b\000a\000\040\000t\000\040\000s\000o\000b\000r\000e\000\040\000e\000l\000\040\000\355\000n\000d\000i\000c\000e\000\040\000d\000e\000\040\000S\000h\000a\000n\000n\000o\000n\000\040\000d\000e\000\040\000l\000o\000s\000\040\000g\000\351\000n\000e\000r\000o\000s\000\040\000d\000e\000\040\000e\000u\000c\000a\000r\000i\000o\000t\000a\000s}{section.4.2}% 65
\BOOKMARK [2][-]{subsection.4.2.4}{\376\377\000P\000r\000u\000e\000b\000a\000\040\000d\000e\000\040\000W\000i\000l\000c\000o\000x\000o\000n\000-\000M\000a\000n\000n\000-\000W\000h\000i\000t\000n\000e\000y}{section.4.2}% 66
\BOOKMARK [2][-]{subsection.4.2.5}{\376\377\000T\000a\000m\000a\000\361\000o\000\040\000d\000e\000l\000\040\000e\000f\000e\000c\000t\000o\000\040\000y\000\040\000p\000o\000t\000e\000n\000c\000i\000a\000\040\000e\000s\000t\000a\000d\000\355\000s\000t\000i\000c\000a}{section.4.2}% 67
\BOOKMARK [2][-]{subsection.4.2.6}{\376\377\000S\000e\000n\000s\000i\000b\000i\000l\000i\000d\000a\000d\000\040\000a\000\040\000l\000a\000\040\000n\000o\000r\000m\000a\000l\000i\000z\000a\000c\000i\000\363\000n\000\040\000y\000\040\000l\000a\000\040\000r\000a\000r\000e\000f\000a\000c\000c\000i\000\363\000n}{section.4.2}% 68
\BOOKMARK [1][-]{section.4.3}{\376\377\000P\000a\000t\000r\000o\000n\000e\000s\000\040\000a\000s\000o\000c\000i\000a\000d\000o\000s\000\040\000c\000o\000n\000\040\000e\000l\000\040\000e\000s\000t\000a\000d\000o\000\040\000d\000e\000\040\000s\000a\000l\000u\000d}{chapter.4}% 69
\BOOKMARK [2][-]{subsection.4.3.1}{\376\377\000T\000a\000x\000o\000n\000e\000s\000\040\000c\000a\000n\000d\000i\000d\000a\000t\000o\000s}{section.4.3}% 70
\BOOKMARK [2][-]{subsection.4.3.2}{\376\377\000H\000e\000t\000e\000r\000o\000g\000e\000n\000e\000i\000d\000a\000d\000\040\000d\000e\000l\000\040\000g\000r\000u\000p\000o\000\040\000n\000o\000\040\000s\000a\000l\000u\000d\000a\000b\000l\000e}{section.4.3}% 71
\BOOKMARK [2][-]{subsection.4.3.3}{\376\377\000D\000\363\000n\000d\000e\000\040\000e\000s\000t\000\341\000\040\000y\000\040\000d\000\363\000n\000d\000e\000\040\000n\000o\000\040\000e\000s\000t\000\341\000\040\000l\000a\000\040\000s\000e\000\361\000a\000l}{section.4.3}% 72
\BOOKMARK [1][-]{section.4.4}{\376\377\000M\000a\000t\000e\000r\000i\000a\000l\000\040\000d\000i\000d\000\341\000c\000t\000i\000c\000o\000:\000\040\000t\000a\000l\000l\000e\000r\000\040\000p\000r\000\341\000c\000t\000i\000c\000o}{chapter.4}% 73
\BOOKMARK [0][-]{chapter.5}{\376\377\000D\000i\000s\000c\000u\000s\000i\000\363\000n\000\040\000y\000\040\000c\000o\000n\000c\000l\000u\000s\000i\000o\000n\000e\000s}{}% 74
\BOOKMARK [1][-]{section.5.1}{\376\377\000D\000i\000s\000c\000u\000s\000i\000\363\000n}{chapter.5}% 75
\BOOKMARK [2][-]{subsection.5.1.1}{\376\377\000L\000a\000\040\000c\000a\000l\000i\000d\000a\000d\000\040\000d\000e\000\040\000l\000o\000s\000\040\000d\000a\000t\000o\000s\000\040\000c\000o\000n\000d\000i\000c\000i\000o\000n\000a\000\040\000l\000a\000\040\000i\000n\000t\000e\000r\000p\000r\000e\000t\000a\000c\000i\000\363\000n}{section.5.1}% 76
\BOOKMARK [2][-]{subsection.5.1.2}{\376\377\000D\000i\000v\000e\000r\000s\000i\000d\000a\000d\000\040\000a\000l\000f\000a\000:\000\040\000u\000n\000a\000\040\000t\000e\000n\000d\000e\000n\000c\000i\000a\000\040\000c\000o\000n\000s\000i\000s\000t\000e\000n\000t\000e\000\040\000p\000e\000r\000o\000\040\000d\000\351\000b\000i\000l}{section.5.1}% 77
\BOOKMARK [2][-]{subsection.5.1.3}{\376\377\000D\000i\000v\000e\000r\000s\000i\000d\000a\000d\000\040\000b\000e\000t\000a\000:\000\040\000g\000r\000a\000n\000\040\000s\000u\000p\000e\000r\000p\000o\000s\000i\000c\000i\000\363\000n\000\040\000e\000n\000t\000r\000e\000\040\000g\000r\000u\000p\000o\000s}{section.5.1}% 78
\BOOKMARK [2][-]{subsection.5.1.4}{\376\377\000C\000o\000m\000p\000o\000s\000i\000c\000i\000\363\000n\000\040\000t\000a\000x\000o\000n\000\363\000m\000i\000c\000a\000:\000\040\000t\000a\000x\000o\000n\000e\000s\000\040\000c\000a\000n\000d\000i\000d\000a\000t\000o\000s\000,\000\040\000n\000o\000\040\000b\000i\000o\000m\000a\000r\000c\000a\000d\000o\000r\000e\000s}{section.5.1}% 79
\BOOKMARK [2][-]{subsection.5.1.5}{\376\377\000D\000i\000v\000e\000r\000s\000i\000d\000a\000d\000\040\000d\000e\000\040\000e\000u\000c\000a\000r\000i\000o\000t\000a\000s\000\040\000a\000\040\000n\000i\000v\000e\000l\000\040\000d\000e\000\040\000g\000\351\000n\000e\000r\000o\000:\000\040\000u\000n\000a\000\040\000s\000e\000\361\000a\000l\000\040\000q\000u\000e\000\040\000n\000o\000\040\000s\000e\000\040\000c\000o\000n\000f\000i\000r\000m\000\363}{section.5.1}% 80
\BOOKMARK [2][-]{subsection.5.1.6}{\376\377\000T\000a\000m\000a\000\361\000o\000\040\000d\000e\000\040\000m\000u\000e\000s\000t\000r\000a\000\040\000y\000\040\000p\000o\000t\000e\000n\000c\000i\000a\000\040\000e\000s\000t\000a\000d\000\355\000s\000t\000i\000c\000a}{section.5.1}% 81
\BOOKMARK [2][-]{subsection.5.1.7}{\376\377\000L\000i\000m\000i\000t\000a\000c\000i\000o\000n\000e\000s\000\040\000d\000e\000l\000\040\000e\000s\000t\000u\000d\000i\000o}{section.5.1}% 82
\BOOKMARK [1][-]{section.5.2}{\376\377\000C\000o\000n\000c\000l\000u\000s\000i\000o\000n\000e\000s}{chapter.5}% 83
\BOOKMARK [0][-]{chapter.6}{\376\377\000P\000e\000r\000s\000p\000e\000c\000t\000i\000v\000a\000s\000\040\000y\000\040\000t\000r\000a\000b\000a\000j\000o\000\040\000a\000\040\000f\000u\000t\000u\000r\000o}{}% 84
\BOOKMARK [1][-]{section.6.1}{\376\377\000R\000e\000d\000e\000s\000\040\000b\000a\000y\000e\000s\000i\000a\000n\000a\000s\000\040\000\050\000e\000n\000\040\000d\000e\000s\000a\000r\000r\000o\000l\000l\000o\000\051}{chapter.6}% 85
\BOOKMARK [1][-]{section.6.2}{\376\377\000S\000i\000m\000u\000l\000a\000d\000o\000r\000\040\000d\000e\000\040\000d\000a\000t\000o\000s\000\040\000m\000e\000t\000a\000g\000e\000n\000\363\000m\000i\000c\000o\000s}{chapter.6}% 86
\BOOKMARK [1][-]{section.6.3}{\376\377\000O\000t\000r\000a\000s\000\040\000l\000\355\000n\000e\000a\000s}{chapter.6}% 87
\BOOKMARK [0][-]{appendix.Alph1}{\376\377\000P\000r\000o\000c\000e\000d\000e\000n\000c\000i\000a\000\040\000d\000e\000\040\000f\000i\000g\000u\000r\000a\000s\000\040\000y\000\040\000t\000a\000b\000l\000a\000s}{}% 88
\BOOKMARK [0][-]{appendix.Alph2}{\376\377\000D\000a\000t\000o\000s\000,\000\040\000e\000n\000t\000o\000r\000n\000o\000\040\000y\000\040\000r\000e\000p\000r\000o\000d\000u\000c\000c\000i\000\363\000n}{}% 89
\BOOKMARK [0][-]{appendix*.14}{\376\377\000B\000i\000b\000l\000i\000o\000g\000r\000a\000f\000\355\000a}{}% 90
